[Licensing::Module] Trying to connect to existing licensing client channel...
Built from '6000.3/staging' branch; Version is '6000.3.15f1 (c1aa84e375f6) revision 12692100'; Using compiler version '194234433'; Build Type 'Release'
[Licensing::IpcConnector] Successfully connected to: "LicenseClient-irina" at "2026-08-24T18:01:46.5644252Z"
OS: 'Windows 11  (10.0.26200) Professional' Language: 'en' Physical Memory: 32509 MB
BatchMode: 1, IsHumanControllingUs: 0, StartBugReporterOnCrash: 0, Is64bit: 1
System  architecture: x64
Process architecture: x64
Date: 2026-08-24T18:01:46Z
[Licensing::Client] Code 10 while verifying Licensing Client signature (process Id: 27948, path: "C:/Program Files/Unity Hub/UnityLicensingClient_V1/Unity.Licensing.Client.exe")
[Licensing::Module] LicensingClient has failed validation; ignoring
[Licensing::Client] Error: HandshakeResponse reported an error:
	ResponseCode: 505
	ResponseStatus: Unsupported protocol version '1.18.1'.
[Licensing::Module] Error: Failed to handshake to channel: "LicenseClient-irina"
[Licensing::IpcConnector] LicenseClient-irina channel disconnected successfully.
[Licensing::IpcConnector] Successfully connected to: "LicenseClient-irina-6000.3.15" at "2026-08-24T18:01:46.7099675Z"
[Licensing::Client] Code 10 while verifying Licensing Client signature (process Id: 4644, path: "C:/Program Files/Unity/Hub/Editor/6000.3.15f1/Editor/Data/Resources/Licensing/Client/Unity.Licensing.Client.exe")
[Licensing::Module] LicensingClient has failed validation; ignoring
[Licensing::Client] Handshaking with LicensingClient:
  Version:                 1.18.1+9fbee8e
  Session Id:              4ab0ed65dac94191bf106b1d446cd2ba
  Correlation Id:          c5f0f21127dbdee04dbb1c0750475be2
  External correlation Id: 8563083977317504704
  Machine Id:              V07uuJ6F7uoHSLBdOpXWnT2S1wQ=
[Licensing::Module] Successfully connected to LicensingClient on channel: "LicenseClient-irina-6000.3.15" (connect: 0.00s, validation: 0.00s, handshake: 0.00s)
[Licensing::IpcConnector] Successfully connected to: "LicenseClient-irina-6000.3.15-notifications" at "2026-08-24T18:01:46.7160579Z"
[Licensing::Module] Licensing Background thread has ended after 0.15s

COMMAND LINE ARGUMENTS:
C:\Program Files\Unity\Hub\Editor\6000.3.15f1\Editor\Unity.exe
-adb2
-batchMode
-noUpm
-name
AssetImportWorker0
-projectPath
D:/TrustNoOne-GameJam/TrustNoOne-Game
-logFile
Logs/AssetImportWorker0.log
-srvPort
51705
-licensingIpc
LicenseClient-irina
-job-worker-count
13
-background-job-worker-count
8
-gc-helper-count
1
-name
AssetImport
Successfully changed project path to: D:/TrustNoOne-GameJam/TrustNoOne-Game
D:/TrustNoOne-GameJam/TrustNoOne-Game
[UnityMemory] Configuration Parameters - Can be set up in boot.config
    "memorysetup-temp-allocator-size-nav-mesh-worker=65536"
    "memorysetup-temp-allocator-size-audio-worker=65536"
    "memorysetup-temp-allocator-size-gfx=262144"
    "memorysetup-allocator-temp-initial-block-size-main=262144"
    "memorysetup-allocator-temp-initial-block-size-worker=262144"
    "memorysetup-temp-allocator-size-background-worker=32768"
    "memorysetup-temp-allocator-size-job-worker=262144"
    "memorysetup-temp-allocator-size-preload-manager=33554432"
    "memorysetup-temp-allocator-size-gi-baking-worker=262144"
    "memorysetup-temp-allocator-size-gi-baking-worker=262144"
    "memorysetup-temp-allocator-size-gi-baking-worker=262144"
    "memorysetup-temp-allocator-size-gi-baking-worker=262144"
    "memorysetup-temp-allocator-size-gi-baking-worker=262144"
    "memorysetup-bucket-allocator-granularity=16"
    "memorysetup-bucket-allocator-bucket-count=8"
    "memorysetup-bucket-allocator-block-size=33554432"
    "memorysetup-bucket-allocator-block-count=8"
    "memorysetup-main-allocator-block-size=16777216"
    "memorysetup-thread-allocator-block-size=16777216"
    "memorysetup-gfx-main-allocator-block-size=16777216"
    "memorysetup-gfx-thread-allocator-block-size=16777216"
    "memorysetup-cache-allocator-block-size=4194304"
    "memorysetup-typetree-allocator-block-size=2097152"
    "memorysetup-profiler-bucket-allocator-granularity=16"
    "memorysetup-profiler-bucket-allocator-bucket-count=8"
    "memorysetup-profiler-bucket-allocator-block-size=33554432"
    "memorysetup-profiler-bucket-allocator-block-count=8"
    "memorysetup-profiler-allocator-block-size=16777216"
    "memorysetup-profiler-editor-allocator-block-size=1048576"
    "memorysetup-temp-allocator-size-main=16777216"
    "memorysetup-job-temp-allocator-block-size=2097152"
    "memorysetup-job-temp-allocator-block-size-background=1048576"
    "memorysetup-job-temp-allocator-reduction-small-platforms=262144"
    "memorysetup-temp-allocator-size-cloud-worker=32768"
Player connection [40652]  Target information:

Player connection [40652]  * "[IP] 25.36.222.146 [Port] 0 [Flags] 2 [Guid] 4238869696 [EditorId] 4238869696 [Version] 1048832 [Id] WindowsEditor(7,Irina-desk-2024) [Debug] 1 [PackageName] WindowsEditor [ProjectName] Editor" 

Player connection [40652]  * "[IP] 192.168.1.168 [Port] 0 [Flags] 2 [Guid] 4238869696 [EditorId] 4238869696 [Version] 1048832 [Id] WindowsEditor(7,Irina-desk-2024) [Debug] 1 [PackageName] WindowsEditor [ProjectName] Editor" 

Player connection [40652] Host joined multi-casting on [225.0.0.222:54997]...
Player connection [40652] Host joined alternative multi-casting on [225.0.0.222:34997]...
JobSystem: Creating JobQueue using job-worker-count value 13
Input System module state changed to: Initialized.
[Physics::Module] Initialized fallback backend.
[Physics::Module] Id: 0xdecafbad
Library Redirect Path: Library/
[Physics::Module] Selected backend.
[Physics::Module] Name: PhysX
[Physics::Module] Id: 0xf2b8ea05
[Physics::Module] SDK Version: 4.1.2
[Physics::Module] Integration Version: 1.0.0
[Physics::Module] Threading Mode: Multi-Threaded
Refreshing native plugins compatible for Editor in 2.02 ms, found 4 plugins.
Preloading 0 native plugins for Editor in 0.00 ms.
Initialize engine version: 6000.3.15f1 (c1aa84e375f6)
[Subsystems] Discovering subsystems at path C:/Program Files/Unity/Hub/Editor/6000.3.15f1/Editor/Data/Resources/UnitySubsystems
[Subsystems] Discovering subsystems at path D:/TrustNoOne-GameJam/TrustNoOne-Game/Assets
GfxDevice: creating device client; kGfxThreadingModeNonThreaded
Direct3D:
    Version:  Direct3D 11.0 [level 11.1]
    Renderer: NVIDIA GeForce RTX 4090 (ID=0x2684)
    Vendor:   NVIDIA
    VRAM:     24138 MB
    Driver:   32.0.16.1088
Initialize mono
Mono path[0] = 'C:/Program Files/Unity/Hub/Editor/6000.3.15f1/Editor/Data/Managed'
Mono path[1] = 'C:/Program Files/Unity/Hub/Editor/6000.3.15f1/Editor/Data/MonoBleedingEdge/lib/mono/unityjit-win32'
Mono config path = 'C:/Program Files/Unity/Hub/Editor/6000.3.15f1/Editor/Data/MonoBleedingEdge/etc'
Using monoOptions --debugger-agent=transport=dt_socket,embedding=1,server=y,suspend=n,address=127.0.0.1:56152
Begin MonoManager ReloadAssembly
Registering precompiled unity dll's ...
Register platform support module: C:/Program Files/Unity/Hub/Editor/6000.3.15f1/Editor/Data/PlaybackEngines/WindowsStandaloneSupport/UnityEditor.WindowsStandalone.Extensions.dll
Registered in 0.001355 seconds.
- Loaded All Assemblies, in  0.267 seconds
Native extension for WindowsStandalone target not found
Package Manager log level set to [2]
[Package Manager] Failed to launch server process. Reason: Unity was launched with the -noUpm command-line argument
[Package Manager] Unable to send message (not connected to server process).
[Package Manager] Cannot connect to Unity Package Manager local server
ScheduleIndexationOnStartup MainProcess:False IndexOnStartup:True
Mono: successfully reloaded assembly
- Finished resetting the current domain, in  0.254 seconds
Domain Reload Profiling: 519ms
	BeginReloadAssembly (86ms)
		ExecutionOrderSort (0ms)
		DisableScriptedObjects (0ms)
		BackupInstance (0ms)
		ReleaseScriptingObjects (0ms)
		CreateAndSetChildDomain (0ms)
	RebuildCommonClasses (25ms)
	RebuildNativeTypeToScriptingClass (8ms)
	initialDomainReloadingComplete (31ms)
	LoadAllAssembliesAndSetupDomain (114ms)
		LoadAssemblies (84ms)
		RebuildTransferFunctionScriptingTraits (0ms)
		AnalyzeDomain (112ms)
			TypeCache.Refresh (111ms)
				TypeCache.ScanAssembly (102ms)
			BuildScriptInfoCaches (0ms)
			ResolveRequiredComponents (0ms)
	FinalizeReload (254ms)
		ReleaseScriptCaches (0ms)
		RebuildScriptCaches (0ms)
		SetupLoadedEditorAssemblies (231ms)
			LogAssemblyErrors (0ms)
			InitializePlatformSupportModulesInManaged (33ms)
			SetLoadedEditorAssemblies (3ms)
			BeforeProcessingInitializeOnLoad (53ms)
			ProcessInitializeOnLoadAttributes (95ms)
			ProcessInitializeOnLoadMethodAttributes (48ms)
			AfterProcessingInitializeOnLoad (0ms)
			EditorAssembliesLoaded (0ms)
		ExecutionOrderSort2 (0ms)
		AwakeInstancesAfterBackupRestoration (0ms)
========================================================================
Worker process is ready to serve import requests
Import Worker Mode flag is 0x00
Begin MonoManager ReloadAssembly
[Licensing::Client] Successfully resolved entitlement details
[Licensing::Module] License group:
  Id: 3573989126135-UnityPersXXXX
  Product: Unity Personal
  Type: Assigned
  Expiration: Unlimited
- Loaded All Assemblies, in  0.430 seconds
Refreshing native plugins compatible for Editor in 0.69 ms, found 4 plugins.
Native extension for WindowsStandalone target not found
[Package Manager] Failed to launch server process. Reason: Unity was launched with the -noUpm command-line argument
[Package Manager] Unable to send message (not connected to server process).
[Package Manager] Cannot connect to Unity Package Manager local server
Refreshing native plugins compatible for Editor in 0.91 ms, found 4 plugins.
[Package Manager] Failed to launch server process. Reason: Unity was launched with the -noUpm command-line argument
[Package Manager] Unable to send message (not connected to server process).
[Package Manager] Cannot connect to Unity Package Manager local server
ScheduleIndexationOnStartup MainProcess:False IndexOnStartup:True
Mono: successfully reloaded assembly
- Finished resetting the current domain, in  0.470 seconds
Domain Reload Profiling: 898ms
	BeginReloadAssembly (115ms)
		ExecutionOrderSort (0ms)
		DisableScriptedObjects (3ms)
		BackupInstance (0ms)
		ReleaseScriptingObjects (0ms)
		CreateAndSetChildDomain (17ms)
	RebuildCommonClasses (24ms)
	RebuildNativeTypeToScriptingClass (8ms)
	initialDomainReloadingComplete (24ms)
	LoadAllAssembliesAndSetupDomain (257ms)
		LoadAssemblies (191ms)
		RebuildTransferFunctionScriptingTraits (0ms)
		AnalyzeDomain (131ms)
			TypeCache.Refresh (101ms)
				TypeCache.ScanAssembly (92ms)
			BuildScriptInfoCaches (24ms)
			ResolveRequiredComponents (3ms)
	FinalizeReload (470ms)
		ReleaseScriptCaches (0ms)
		RebuildScriptCaches (0ms)
		SetupLoadedEditorAssemblies (397ms)
			LogAssemblyErrors (0ms)
			InitializePlatformSupportModulesInManaged (1ms)
			SetLoadedEditorAssemblies (3ms)
			BeforeProcessingInitializeOnLoad (74ms)
			ProcessInitializeOnLoadAttributes (288ms)
			ProcessInitializeOnLoadMethodAttributes (27ms)
			AfterProcessingInitializeOnLoad (4ms)
			EditorAssembliesLoaded (0ms)
		ExecutionOrderSort2 (0ms)
		AwakeInstancesAfterBackupRestoration (4ms)
Launched and connected shader compiler UnityShaderCompiler.exe after 0.01 seconds
Refreshing native plugins compatible for Editor in 0.69 ms, found 4 plugins.
Preloading 0 native plugins for Editor in 0.00 ms.
Unloading 0 Unused Serialized files (Serialized files now loaded: 0)
Unloading 4144 unused Assets / (1.2 MB). Loaded Objects now: 4718.
Memory consumption went from 95.0 MB to 93.8 MB.
Total: 4.072500 ms (FindLiveObjects: 0.249100 ms CreateObjectMapping: 0.121800 ms MarkObjects: 3.006700 ms  DeleteObjects: 0.694000 ms)

========================================================================
Received Import Request.
  Time since last request: 2451.545102 seconds.
  path: Assets/Scenes
  artifactKey: Guid(9c53962885c2c4f449125a979d6ad240) Importer(815301076,1909f56bfc062723c751e8b465ee728b)
Start importing Assets/Scenes using Guid(9c53962885c2c4f449125a979d6ad240) Importer(815301076,1909f56bfc062723c751e8b465ee728b) (PreviewImporter) -> (artifact id: 'd65b75f456837a3494a5e6e744543932') in 0.0032256 seconds
Number of updated asset objects reloaded before import = 0Number of asset objects unloaded after import = 0

========================================================================
Received Import Request.
  Time since last request: 16.751370 seconds.
  path: Assets/Scenes/MainMenu.unity
  artifactKey: Guid(40712b4e1555f2e43a8f3f6551a063fc) Importer(815301076,1909f56bfc062723c751e8b465ee728b)
Start importing Assets/Scenes/MainMenu.unity using Guid(40712b4e1555f2e43a8f3f6551a063fc) Importer(815301076,1909f56bfc062723c751e8b465ee728b) (PreviewImporter) -> (artifact id: '680a7d90033cfdd78047f5b616f5d20c') in 0.0004239 seconds
Number of updated asset objects reloaded before import = 0Number of asset objects unloaded after import = 0

========================================================================
Received Import Request.
  Time since last request: 0.983277 seconds.
  path: Assets/Scenes/MainMenu.unity
  artifactKey: Guid(40712b4e1555f2e43a8f3f6551a063fc) Importer(2089858483,b0f066a214c2f5e87bad3c948f4d605d)
Start importing Assets/Scenes/MainMenu.unity using Guid(40712b4e1555f2e43a8f3f6551a063fc) Importer(2089858483,b0f066a214c2f5e87bad3c948f4d605d) (ScriptedImporter) -> (artifact id: '9e3cf24d32ef459ed826f3db26959f76') in 0.0317822 seconds
Number of updated asset objects reloaded before import = 0Number of asset objects unloaded after import = 1

========================================================================
Received Import Request.
  Time since last request: 1.788978 seconds.
  path: Assets/Scenes/MainMenu 1.unity
  artifactKey: Guid(93007267152e9f446be4880420d322ba) Importer(815301076,1909f56bfc062723c751e8b465ee728b)
Start importing Assets/Scenes/MainMenu 1.unity using Guid(93007267152e9f446be4880420d322ba) Importer(815301076,1909f56bfc062723c751e8b465ee728b) (PreviewImporter) -> (artifact id: 'f161e02413c4e1ea8cda1291f2f2b2b7') in 0.0003033 seconds
Number of updated asset objects reloaded before import = 0Number of asset objects unloaded after import = 0

========================================================================
Received Import Request.
  Time since last request: 0.987664 seconds.
  path: Assets/Scenes/MainMenu 1.unity
  artifactKey: Guid(93007267152e9f446be4880420d322ba) Importer(2089858483,b0f066a214c2f5e87bad3c948f4d605d)
Start importing Assets/Scenes/MainMenu 1.unity using Guid(93007267152e9f446be4880420d322ba) Importer(2089858483,b0f066a214c2f5e87bad3c948f4d605d) (ScriptedImporter) -> (artifact id: '25933a0aab4ff5e8364559d12cc363c8') in 0.0089288 seconds
Number of updated asset objects reloaded before import = 0Number of asset objects unloaded after import = 1

========================================================================
Received Import Request.
  Time since last request: 2.817905 seconds.
  path: Assets/Scenes/Game.unity
  artifactKey: Guid(93007267152e9f446be4880420d322ba) Importer(815301076,1909f56bfc062723c751e8b465ee728b)
Start importing Assets/Scenes/Game.unity using Guid(93007267152e9f446be4880420d322ba) Importer(815301076,1909f56bfc062723c751e8b465ee728b) (PreviewImporter) -> (artifact id: '55369e712eb2cc785ce7ebe3379a31fc') in 0.0003007 seconds
Number of updated asset objects reloaded before import = 0Number of asset objects unloaded after import = 0

========================================================================
Received Import Request.
  Time since last request: 0.986673 seconds.
  path: Assets/Scenes/Game.unity
  artifactKey: Guid(93007267152e9f446be4880420d322ba) Importer(2089858483,b0f066a214c2f5e87bad3c948f4d605d)
Start importing Assets/Scenes/Game.unity using Guid(93007267152e9f446be4880420d322ba) Importer(2089858483,b0f066a214c2f5e87bad3c948f4d605d) (ScriptedImporter) -> (artifact id: '5afecc3478c31cd1961141e7cb0f89a9') in 0.0110696 seconds
Number of updated asset objects reloaded before import = 0Number of asset objects unloaded after import = 1

========================================================================
Received Import Request.
  Time since last request: 4.121150 seconds.
  path: Assets/Scenes/Game 1.unity
  artifactKey: Guid(817f8326a2042b84dbe5c950631be95b) Importer(815301076,1909f56bfc062723c751e8b465ee728b)
Start importing Assets/Scenes/Game 1.unity using Guid(817f8326a2042b84dbe5c950631be95b) Importer(815301076,1909f56bfc062723c751e8b465ee728b) (PreviewImporter) -> (artifact id: '815db8839103373f4c5dd68d6988c5dc') in 0.0003125 seconds
Number of updated asset objects reloaded before import = 0Number of asset objects unloaded after import = 0

========================================================================
Received Import Request.
  Time since last request: 2.012748 seconds.
  path: Assets/Scenes/Game 1.unity
  artifactKey: Guid(817f8326a2042b84dbe5c950631be95b) Importer(2089858483,b0f066a214c2f5e87bad3c948f4d605d)
Start importing Assets/Scenes/Game 1.unity using Guid(817f8326a2042b84dbe5c950631be95b) Importer(2089858483,b0f066a214c2f5e87bad3c948f4d605d) (ScriptedImporter) -> (artifact id: '428f52aeae8a355c558ee1c56f1db015') in 0.009658 seconds
Number of updated asset objects reloaded before import = 0Number of asset objects unloaded after import = 1

========================================================================
Received Import Request.
  Time since last request: 4.656323 seconds.
  path: Assets/Scenes/Credits.unity
  artifactKey: Guid(817f8326a2042b84dbe5c950631be95b) Importer(815301076,1909f56bfc062723c751e8b465ee728b)
Start importing Assets/Scenes/Credits.unity using Guid(817f8326a2042b84dbe5c950631be95b) Importer(815301076,1909f56bfc062723c751e8b465ee728b) (PreviewImporter) -> (artifact id: '4c515c142731fb4783fa1062c9eccfa7') in 0.0002964 seconds
Number of updated asset objects reloaded before import = 0Number of asset objects unloaded after import = 0

========================================================================
Received Import Request.
  Time since last request: 0.985626 seconds.
  path: Assets/Scenes/Credits.unity
  artifactKey: Guid(817f8326a2042b84dbe5c950631be95b) Importer(2089858483,b0f066a214c2f5e87bad3c948f4d605d)
Start importing Assets/Scenes/Credits.unity using Guid(817f8326a2042b84dbe5c950631be95b) Importer(2089858483,b0f066a214c2f5e87bad3c948f4d605d) (ScriptedImporter) -> (artifact id: 'bbc9a7d2bc59b66da280b65829f379b4') in 0.0262983 seconds
Number of updated asset objects reloaded before import = 0Number of asset objects unloaded after import = 1

========================================================================
Received Import Request.
  Time since last request: 128.157760 seconds.
  path: Assets/Scenes/SampleScene.unity
  artifactKey: Guid(9fc0d4010bbf28b4594072e72b8655ab) Importer(815301076,1909f56bfc062723c751e8b465ee728b)
Start importing Assets/Scenes/SampleScene.unity using Guid(9fc0d4010bbf28b4594072e72b8655ab) Importer(815301076,1909f56bfc062723c751e8b465ee728b) (PreviewImporter) -> (artifact id: 'bb10f4fe5855b457c22995e8a92684cf') in 0.0003806 seconds
Number of updated asset objects reloaded before import = 0Number of asset objects unloaded after import = 0

========================================================================
Received Import Request.
  Time since last request: 4.165944 seconds.
  path: Assets
  artifactKey: Guid(00000000000000001000000000000000) Importer(815301076,1909f56bfc062723c751e8b465ee728b)
Start importing Assets using Guid(00000000000000001000000000000000) Importer(815301076,1909f56bfc062723c751e8b465ee728b) (PreviewImporter) -> (artifact id: 'c391582d739b6e62a5220f35cbb167ac') in 0.000294 seconds
Number of updated asset objects reloaded before import = 0Number of asset objects unloaded after import = 0

========================================================================
Received Import Request.
  Time since last request: 4.874671 seconds.
  path: Assets/Art
  artifactKey: Guid(a9fc7be884decee4eb3660f27c0db614) Importer(815301076,1909f56bfc062723c751e8b465ee728b)
Start importing Assets/Art using Guid(a9fc7be884decee4eb3660f27c0db614) Importer(815301076,1909f56bfc062723c751e8b465ee728b) (PreviewImporter) -> (artifact id: '30cdc400a053828b2579d9542eedee8d') in 0.0003243 seconds
Number of updated asset objects reloaded before import = 0Number of asset objects unloaded after import = 0

========================================================================
Received Import Request.
  Time since last request: 0.965233 seconds.
  path: Assets/Art
  artifactKey: Guid(a9fc7be884decee4eb3660f27c0db614) Importer(2089858483,b0f066a214c2f5e87bad3c948f4d605d)
Start importing Assets/Art using Guid(a9fc7be884decee4eb3660f27c0db614) Importer(2089858483,b0f066a214c2f5e87bad3c948f4d605d) (ScriptedImporter) -> (artifact id: 'a24ba21ffb36923e28bfca1af7238fcf') in 0.0086453 seconds
Number of updated asset objects reloaded before import = 0Number of asset objects unloaded after import = 1

========================================================================
Received Import Request.
  Time since last request: 5.515302 seconds.
  path: Assets/Sound
  artifactKey: Guid(7aebad7a9ed974d449923ea220337325) Importer(815301076,1909f56bfc062723c751e8b465ee728b)
Start importing Assets/Sound using Guid(7aebad7a9ed974d449923ea220337325) Importer(815301076,1909f56bfc062723c751e8b465ee728b) (PreviewImporter) -> (artifact id: '4bbb8a89d342fb3162de497aca060f09') in 0.0002917 seconds
Number of updated asset objects reloaded before import = 0Number of asset objects unloaded after import = 0

========================================================================
Received Import Request.
  Time since last request: 0.976936 seconds.
  path: Assets/Sound
  artifactKey: Guid(7aebad7a9ed974d449923ea220337325) Importer(2089858483,b0f066a214c2f5e87bad3c948f4d605d)
Start importing Assets/Sound using Guid(7aebad7a9ed974d449923ea220337325) Importer(2089858483,b0f066a214c2f5e87bad3c948f4d605d) (ScriptedImporter) -> (artifact id: 'ba6dd158c8727e8609e788379167927e') in 0.0091497 seconds
Number of updated asset objects reloaded before import = 0Number of asset objects unloaded after import = 1

========================================================================
Received Import Request.
  Time since last request: 6.437538 seconds.
  path: Assets/Art/UI
  artifactKey: Guid(71351d8d4ca96d6498d74cdfe85f66d7) Importer(815301076,1909f56bfc062723c751e8b465ee728b)
Start importing Assets/Art/UI using Guid(71351d8d4ca96d6498d74cdfe85f66d7) Importer(815301076,1909f56bfc062723c751e8b465ee728b) (PreviewImporter) -> (artifact id: '0a809165a2eaf4a13d7ec478b757d38a') in 0.000343 seconds
Number of updated asset objects reloaded before import = 0Number of asset objects unloaded after import = 0

========================================================================
Received Import Request.
  Time since last request: 0.976732 seconds.
  path: Assets/Art/UI
  artifactKey: Guid(71351d8d4ca96d6498d74cdfe85f66d7) Importer(2089858483,b0f066a214c2f5e87bad3c948f4d605d)
Start importing Assets/Art/UI using Guid(71351d8d4ca96d6498d74cdfe85f66d7) Importer(2089858483,b0f066a214c2f5e87bad3c948f4d605d) (ScriptedImporter) -> (artifact id: '9fdfd1bd855e01e217758f3d9358ffaf') in 0.0178772 seconds
Number of updated asset objects reloaded before import = 0Number of asset objects unloaded after import = 1

========================================================================
Received Import Request.
  Time since last request: 5.069726 seconds.
  path: Assets/Art/Menus
  artifactKey: Guid(95196ddda59851b4fad3311c1ef6778f) Importer(815301076,1909f56bfc062723c751e8b465ee728b)
Start importing Assets/Art/Menus using Guid(95196ddda59851b4fad3311c1ef6778f) Importer(815301076,1909f56bfc062723c751e8b465ee728b) (PreviewImporter) -> (artifact id: '6d29f1c0e2e60b93cc3bb1af82ae5304') in 0.0002949 seconds
Number of updated asset objects reloaded before import = 0Number of asset objects unloaded after import = 0

========================================================================
Received Import Request.
  Time since last request: 0.975485 seconds.
  path: Assets/Art/Menus
  artifactKey: Guid(95196ddda59851b4fad3311c1ef6778f) Importer(2089858483,b0f066a214c2f5e87bad3c948f4d605d)
Start importing Assets/Art/Menus using Guid(95196ddda59851b4fad3311c1ef6778f) Importer(2089858483,b0f066a214c2f5e87bad3c948f4d605d) (ScriptedImporter) -> (artifact id: 'a573dc125c5c6d655fe81aec1bcc4101') in 0.010668 seconds
Number of updated asset objects reloaded before import = 0Number of asset objects unloaded after import = 1

========================================================================
Received Import Request.
  Time since last request: 6.837237 seconds.
  path: Assets/Art/3D Models
  artifactKey: Guid(cc51c300dea48784abf70287437319b9) Importer(815301076,1909f56bfc062723c751e8b465ee728b)
Start importing Assets/Art/3D Models using Guid(cc51c300dea48784abf70287437319b9) Importer(815301076,1909f56bfc062723c751e8b465ee728b) (PreviewImporter) -> (artifact id: '0b228e81ae201e93a97702ee30c3c39e') in 0.0002937 seconds
Number of updated asset objects reloaded before import = 0Number of asset objects unloaded after import = 0

========================================================================
Received Import Request.
  Time since last request: 0.983071 seconds.
  path: Assets/Art/3D Models
  artifactKey: Guid(cc51c300dea48784abf70287437319b9) Importer(2089858483,b0f066a214c2f5e87bad3c948f4d605d)
Start importing Assets/Art/3D Models using Guid(cc51c300dea48784abf70287437319b9) Importer(2089858483,b0f066a214c2f5e87bad3c948f4d605d) (ScriptedImporter) -> (artifact id: '2cbe6718616234e32d6590bd5883bac8') in 0.0117209 seconds
Number of updated asset objects reloaded before import = 0Number of asset objects unloaded after import = 1

========================================================================
Received Import Request.
  Time since last request: 7.016887 seconds.
  path: Assets/Art/Textures
  artifactKey: Guid(39ca389edf3de704eaacfd3346dea1ec) Importer(815301076,1909f56bfc062723c751e8b465ee728b)
Start importing Assets/Art/Textures using Guid(39ca389edf3de704eaacfd3346dea1ec) Importer(815301076,1909f56bfc062723c751e8b465ee728b) (PreviewImporter) -> (artifact id: 'f89bbd182e479214ed838891432aee7d') in 0.0003754 seconds
Number of updated asset objects reloaded before import = 0Number of asset objects unloaded after import = 0

========================================================================
Received Import Request.
  Time since last request: 0.979361 seconds.
  path: Assets/Art/Textures
  artifactKey: Guid(39ca389edf3de704eaacfd3346dea1ec) Importer(2089858483,b0f066a214c2f5e87bad3c948f4d605d)
Start importing Assets/Art/Textures using Guid(39ca389edf3de704eaacfd3346dea1ec) Importer(2089858483,b0f066a214c2f5e87bad3c948f4d605d) (ScriptedImporter) -> (artifact id: '660d617b929c676b227e4f9a7b84e82a') in 0.0122705 seconds
Number of updated asset objects reloaded before import = 0Number of asset objects unloaded after import = 1

========================================================================
Received Import Request.
  Time since last request: 10.349570 seconds.
  path: Assets/Art/Textures/Default
  artifactKey: Guid(ef2b948d1ae42674e9b950c145854a0d) Importer(815301076,1909f56bfc062723c751e8b465ee728b)
Start importing Assets/Art/Textures/Default using Guid(ef2b948d1ae42674e9b950c145854a0d) Importer(815301076,1909f56bfc062723c751e8b465ee728b) (PreviewImporter) -> (artifact id: 'bae57d3a3db197f18668289020aac4bf') in 0.0002966 seconds
Number of updated asset objects reloaded before import = 0Number of asset objects unloaded after import = 0

========================================================================
Received Import Request.
  Time since last request: 0.976051 seconds.
  path: Assets/Art/Textures/Default
  artifactKey: Guid(ef2b948d1ae42674e9b950c145854a0d) Importer(2089858483,b0f066a214c2f5e87bad3c948f4d605d)
Start importing Assets/Art/Textures/Default using Guid(ef2b948d1ae42674e9b950c145854a0d) Importer(2089858483,b0f066a214c2f5e87bad3c948f4d605d) (ScriptedImporter) -> (artifact id: '5042615f35cfcda417e33f5b579baf73') in 0.0208231 seconds
Number of updated asset objects reloaded before import = 0Number of asset objects unloaded after import = 1

========================================================================
Received Import Request.
  Time since last request: 5.968047 seconds.
  path: Assets/Art/Textures/Default/Brown.mat
  artifactKey: Guid(a44f61bb4979bfd4e83bbc48a9047510) Importer(815301076,1909f56bfc062723c751e8b465ee728b)
Start importing Assets/Art/Textures/Default/Brown.mat using Guid(a44f61bb4979bfd4e83bbc48a9047510) Importer(815301076,1909f56bfc062723c751e8b465ee728b) (PreviewImporter) -> (artifact id: '0e30b9be835ac3ec5e8363b397a4c346') in 0.6759679 seconds
Number of updated asset objects reloaded before import = 0Number of asset objects unloaded after import = 1

========================================================================
Received Import Request.
  Time since last request: 0.314366 seconds.
  path: Assets/Art/Textures/Default/Brown.mat
  artifactKey: Guid(a44f61bb4979bfd4e83bbc48a9047510) Importer(2089858483,b0f066a214c2f5e87bad3c948f4d605d)
Start importing Assets/Art/Textures/Default/Brown.mat using Guid(a44f61bb4979bfd4e83bbc48a9047510) Importer(2089858483,b0f066a214c2f5e87bad3c948f4d605d) (ScriptedImporter) -> (artifact id: 'd34a36b158f494096acce4daa6c0c1f0') in 0.0281962 seconds
Number of updated asset objects reloaded before import = 0Number of asset objects unloaded after import = 1

========================================================================
Received Import Request.
  Time since last request: 17.622511 seconds.
  path: Assets/Art/Textures/Default/Black.mat
  artifactKey: Guid(9baa1ac33c434ba4491ef676562d30e7) Importer(815301076,1909f56bfc062723c751e8b465ee728b)
Start importing Assets/Art/Textures/Default/Black.mat using Guid(9baa1ac33c434ba4491ef676562d30e7) Importer(815301076,1909f56bfc062723c751e8b465ee728b) (PreviewImporter) -> (artifact id: 'bcc479d849e9de8ba2a8aa6254ce792a') in 0.0120866 seconds
Number of updated asset objects reloaded before import = 0Number of asset objects unloaded after import = 1

========================================================================
Received Import Request.
  Time since last request: 0.968140 seconds.
  path: Assets/Art/Textures/Default/Black.mat
  artifactKey: Guid(9baa1ac33c434ba4491ef676562d30e7) Importer(2089858483,b0f066a214c2f5e87bad3c948f4d605d)
Start importing Assets/Art/Textures/Default/Black.mat using Guid(9baa1ac33c434ba4491ef676562d30e7) Importer(2089858483,b0f066a214c2f5e87bad3c948f4d605d) (ScriptedImporter) -> (artifact id: 'c972c6a794df53d62eb889bc70cb480e') in 0.0118312 seconds
Number of updated asset objects reloaded before import = 0Number of asset objects unloaded after import = 1

========================================================================
Received Import Request.
  Time since last request: 15.697997 seconds.
  path: Assets/Art/Textures/Default/LightBlue.mat
  artifactKey: Guid(36268fd0c2f07194a8e1dbe7b3ae3b1c) Importer(815301076,1909f56bfc062723c751e8b465ee728b)
Start importing Assets/Art/Textures/Default/LightBlue.mat using Guid(36268fd0c2f07194a8e1dbe7b3ae3b1c) Importer(815301076,1909f56bfc062723c751e8b465ee728b) (PreviewImporter) -> (artifact id: '3088341304cf082a46dda5b1a4568976') in 0.0115339 seconds
Number of updated asset objects reloaded before import = 0Number of asset objects unloaded after import = 1

========================================================================
Received Import Request.
  Time since last request: 0.991067 seconds.
  path: Assets/Art/Textures/Default/LightBlue.mat
  artifactKey: Guid(36268fd0c2f07194a8e1dbe7b3ae3b1c) Importer(2089858483,b0f066a214c2f5e87bad3c948f4d605d)
Start importing Assets/Art/Textures/Default/LightBlue.mat using Guid(36268fd0c2f07194a8e1dbe7b3ae3b1c) Importer(2089858483,b0f066a214c2f5e87bad3c948f4d605d) (ScriptedImporter) -> (artifact id: 'eaef0e4be8c08e73e9c8a162ee279dba') in 0.0137367 seconds
Number of updated asset objects reloaded before import = 0Number of asset objects unloaded after import = 1

========================================================================
Received Import Request.
  Time since last request: 4.845116 seconds.
  path: Assets/Art/Textures/Default/Red.mat
  artifactKey: Guid(15bdddd0d4127184986afa4a3f4fdb54) Importer(815301076,1909f56bfc062723c751e8b465ee728b)
Start importing Assets/Art/Textures/Default/Red.mat using Guid(15bdddd0d4127184986afa4a3f4fdb54) Importer(815301076,1909f56bfc062723c751e8b465ee728b) (PreviewImporter) -> (artifact id: '67ef632079f998e63be2604f4fb02fb5') in 0.0106733 seconds
Number of updated asset objects reloaded before import = 0Number of asset objects unloaded after import = 1

========================================================================
Received Import Request.
  Time since last request: 0.972599 seconds.
  path: Assets/Art/Textures/Default/Red.mat
  artifactKey: Guid(15bdddd0d4127184986afa4a3f4fdb54) Importer(2089858483,b0f066a214c2f5e87bad3c948f4d605d)
Start importing Assets/Art/Textures/Default/Red.mat using Guid(15bdddd0d4127184986afa4a3f4fdb54) Importer(2089858483,b0f066a214c2f5e87bad3c948f4d605d) (ScriptedImporter) -> (artifact id: '2e6ba84e73347567311a53428be7a1ce') in 0.0262161 seconds
Number of updated asset objects reloaded before import = 0Number of asset objects unloaded after import = 1

========================================================================
Received Import Request.
  Time since last request: 3.971400 seconds.
  path: Assets/Art/Textures/Default/Green.mat
  artifactKey: Guid(2feff4a4d515f6a4bb6b799c8f15311e) Importer(815301076,1909f56bfc062723c751e8b465ee728b)
Start importing Assets/Art/Textures/Default/Green.mat using Guid(2feff4a4d515f6a4bb6b799c8f15311e) Importer(815301076,1909f56bfc062723c751e8b465ee728b) (PreviewImporter) -> (artifact id: 'c4d7ed7cc32dff44608dd9b5c4c8d8da') in 0.010663 seconds
Number of updated asset objects reloaded before import = 0Number of asset objects unloaded after import = 1

========================================================================
Received Import Request.
  Time since last request: 0.972944 seconds.
  path: Assets/Art/Textures/Default/Green.mat
  artifactKey: Guid(2feff4a4d515f6a4bb6b799c8f15311e) Importer(2089858483,b0f066a214c2f5e87bad3c948f4d605d)
Start importing Assets/Art/Textures/Default/Green.mat using Guid(2feff4a4d515f6a4bb6b799c8f15311e) Importer(2089858483,b0f066a214c2f5e87bad3c948f4d605d) (ScriptedImporter) -> (artifact id: 'c6597726b868a8df75dd3b639f728f58') in 0.011498 seconds
Number of updated asset objects reloaded before import = 0Number of asset objects unloaded after import = 1

========================================================================
Received Import Request.
  Time since last request: 4.379263 seconds.
  path: Assets/Art/Textures/Default/Blue.mat
  artifactKey: Guid(2512b64b9f0ddbb47b07611d4f3f3a66) Importer(815301076,1909f56bfc062723c751e8b465ee728b)
Start importing Assets/Art/Textures/Default/Blue.mat using Guid(2512b64b9f0ddbb47b07611d4f3f3a66) Importer(815301076,1909f56bfc062723c751e8b465ee728b) (PreviewImporter) -> (artifact id: '37a846d6825f69759f0002bfa9ebcec5') in 0.6794577 seconds
Number of updated asset objects reloaded before import = 0Number of asset objects unloaded after import = 1

========================================================================
Received Import Request.
  Time since last request: 0.300955 seconds.
  path: Assets/Art/Textures/Default/Blue.mat
  artifactKey: Guid(2512b64b9f0ddbb47b07611d4f3f3a66) Importer(2089858483,b0f066a214c2f5e87bad3c948f4d605d)
Start importing Assets/Art/Textures/Default/Blue.mat using Guid(2512b64b9f0ddbb47b07611d4f3f3a66) Importer(2089858483,b0f066a214c2f5e87bad3c948f4d605d) (ScriptedImporter) -> (artifact id: '46fa938139e86b873ed7064d4dc85a8f') in 0.0330801 seconds
Number of updated asset objects reloaded before import = 0Number of asset objects unloaded after import = 1

========================================================================
Received Import Request.
  Time since last request: 5.830685 seconds.
  path: Assets/Art/Textures/Default/Purple.mat
  artifactKey: Guid(08fd0e14905ac1a41a0a39c864b6bed7) Importer(815301076,1909f56bfc062723c751e8b465ee728b)
Start importing Assets/Art/Textures/Default/Purple.mat using Guid(08fd0e14905ac1a41a0a39c864b6bed7) Importer(815301076,1909f56bfc062723c751e8b465ee728b) (PreviewImporter) -> (artifact id: 'b1153b21e068d5196b61a9bc9acbc35c') in 0.022461 seconds
Number of updated asset objects reloaded before import = 0Number of asset objects unloaded after import = 1

========================================================================
Received Import Request.
  Time since last request: 0.962454 seconds.
  path: Assets/Art/Textures/Default/Purple.mat
  artifactKey: Guid(08fd0e14905ac1a41a0a39c864b6bed7) Importer(2089858483,b0f066a214c2f5e87bad3c948f4d605d)
Start importing Assets/Art/Textures/Default/Purple.mat using Guid(08fd0e14905ac1a41a0a39c864b6bed7) Importer(2089858483,b0f066a214c2f5e87bad3c948f4d605d) (ScriptedImporter) -> (artifact id: '496b2a44264784269831f383fddc248b') in 0.0094633 seconds
Number of updated asset objects reloaded before import = 0Number of asset objects unloaded after import = 1

========================================================================
Received Import Request.
  Time since last request: 297.695308 seconds.
  path: Assets/Art/Textures/Default/Black.mat
  artifactKey: Guid(9baa1ac33c434ba4491ef676562d30e7) Importer(815301076,1909f56bfc062723c751e8b465ee728b)
Start importing Assets/Art/Textures/Default/Black.mat using Guid(9baa1ac33c434ba4491ef676562d30e7) Importer(815301076,1909f56bfc062723c751e8b465ee728b) (PreviewImporter) -> (artifact id: 'bc66f714c3134c272a8d2d2e122593bd') in 0.0146131 seconds
Number of updated asset objects reloaded before import = 0Number of asset objects unloaded after import = 1

========================================================================
Received Import Request.
  Time since last request: 0.000045 seconds.
  path: Assets/Art/Textures/Default/Green.mat
  artifactKey: Guid(2feff4a4d515f6a4bb6b799c8f15311e) Importer(815301076,1909f56bfc062723c751e8b465ee728b)
Start importing Assets/Art/Textures/Default/Green.mat using Guid(2feff4a4d515f6a4bb6b799c8f15311e) Importer(815301076,1909f56bfc062723c751e8b465ee728b) (PreviewImporter) -> (artifact id: '238675ec3f28315879128b3b056cb17c') in 0.0119416 seconds
Number of updated asset objects reloaded before import = 0Number of asset objects unloaded after import = 1

========================================================================
Received Import Request.
  Time since last request: 0.000035 seconds.
  path: Assets/Art/Textures/Default/Red.mat
  artifactKey: Guid(15bdddd0d4127184986afa4a3f4fdb54) Importer(815301076,1909f56bfc062723c751e8b465ee728b)
Start importing Assets/Art/Textures/Default/Red.mat using Guid(15bdddd0d4127184986afa4a3f4fdb54) Importer(815301076,1909f56bfc062723c751e8b465ee728b) (PreviewImporter) -> (artifact id: '5a7ff52f8d9277ce5e06199ece61aa3d') in 0.0141284 seconds
Number of updated asset objects reloaded before import = 0Number of asset objects unloaded after import = 1

========================================================================
Received Import Request.
  Time since last request: 0.000054 seconds.
  path: Assets/Art/Textures/Default/LightBlue.mat
  artifactKey: Guid(36268fd0c2f07194a8e1dbe7b3ae3b1c) Importer(815301076,1909f56bfc062723c751e8b465ee728b)
Start importing Assets/Art/Textures/Default/LightBlue.mat using Guid(36268fd0c2f07194a8e1dbe7b3ae3b1c) Importer(815301076,1909f56bfc062723c751e8b465ee728b) (PreviewImporter) -> (artifact id: '1f4cf61eacd0dbe0b46c1bec213f95e4') in 0.0178816 seconds
Number of updated asset objects reloaded before import = 0Number of asset objects unloaded after import = 1

========================================================================
Received Import Request.
  Time since last request: 0.000013 seconds.
  path: Assets/Art/Textures/Default/Brown.mat
  artifactKey: Guid(a44f61bb4979bfd4e83bbc48a9047510) Importer(815301076,1909f56bfc062723c751e8b465ee728b)
Start importing Assets/Art/Textures/Default/Brown.mat using Guid(a44f61bb4979bfd4e83bbc48a9047510) Importer(815301076,1909f56bfc062723c751e8b465ee728b) (PreviewImporter) -> (artifact id: '91fd7371d8c913292d7cd55ad42a331d') in 0.0117196 seconds
Number of updated asset objects reloaded before import = 0Number of asset objects unloaded after import = 1

========================================================================
Received Import Request.
  Time since last request: 0.000012 seconds.
  path: Assets/Art/Textures/Default/Purple.mat
  artifactKey: Guid(08fd0e14905ac1a41a0a39c864b6bed7) Importer(815301076,1909f56bfc062723c751e8b465ee728b)
Start importing Assets/Art/Textures/Default/Purple.mat using Guid(08fd0e14905ac1a41a0a39c864b6bed7) Importer(815301076,1909f56bfc062723c751e8b465ee728b) (PreviewImporter) -> (artifact id: '51ef6f92bfa2846d7429f5868611bbf7') in 0.0124223 seconds
Number of updated asset objects reloaded before import = 0Number of asset objects unloaded after import = 1

========================================================================
Received Import Request.
  Time since last request: 0.878920 seconds.
  path: Assets/Art/Textures/Default/Blue.mat
  artifactKey: Guid(2512b64b9f0ddbb47b07611d4f3f3a66) Importer(2089858483,b0f066a214c2f5e87bad3c948f4d605d)
Start importing Assets/Art/Textures/Default/Blue.mat using Guid(2512b64b9f0ddbb47b07611d4f3f3a66) Importer(2089858483,b0f066a214c2f5e87bad3c948f4d605d) (ScriptedImporter) -> (artifact id: '54735e8c10923e4d6b5aaf9f9468476f') in 0.0103053 seconds
Number of updated asset objects reloaded before import = 0Number of asset objects unloaded after import = 1

========================================================================
Received Import Request.
  Time since last request: 0.000029 seconds.
  path: Assets/Art/Textures/Default/Black.mat
  artifactKey: Guid(9baa1ac33c434ba4491ef676562d30e7) Importer(2089858483,b0f066a214c2f5e87bad3c948f4d605d)
Start importing Assets/Art/Textures/Default/Black.mat using Guid(9baa1ac33c434ba4491ef676562d30e7) Importer(2089858483,b0f066a214c2f5e87bad3c948f4d605d) (ScriptedImporter) -> (artifact id: '7b31a6149f20dd770357e009c7357424') in 0.0106338 seconds
Number of updated asset objects reloaded before import = 0Number of asset objects unloaded after import = 1

========================================================================
Received Import Request.
  Time since last request: 0.000022 seconds.
  path: Assets/Art/Textures/Default/Brown.mat
  artifactKey: Guid(a44f61bb4979bfd4e83bbc48a9047510) Importer(2089858483,b0f066a214c2f5e87bad3c948f4d605d)
Start importing Assets/Art/Textures/Default/Brown.mat using Guid(a44f61bb4979bfd4e83bbc48a9047510) Importer(2089858483,b0f066a214c2f5e87bad3c948f4d605d) (ScriptedImporter) -> (artifact id: '402eb970faba1cf18f81f25b2a582ed3') in 0.010008 seconds
Number of updated asset objects reloaded before import = 0Number of asset objects unloaded after import = 1

========================================================================
Received Import Request.
  Time since last request: 0.000028 seconds.
  path: Assets/Art/Textures/Default/Purple.mat
  artifactKey: Guid(08fd0e14905ac1a41a0a39c864b6bed7) Importer(2089858483,b0f066a214c2f5e87bad3c948f4d605d)
Start importing Assets/Art/Textures/Default/Purple.mat using Guid(08fd0e14905ac1a41a0a39c864b6bed7) Importer(2089858483,b0f066a214c2f5e87bad3c948f4d605d) (ScriptedImporter) -> (artifact id: 'e6039e59498da021bb68f88a8b1080d3') in 0.0084323 seconds
Number of updated asset objects reloaded before import = 0Number of asset objects unloaded after import = 1

========================================================================
Received Import Request.
  Time since last request: 0.000060 seconds.
  path: Assets/Art/Textures/Default/Red.mat
  artifactKey: Guid(15bdddd0d4127184986afa4a3f4fdb54) Importer(2089858483,b0f066a214c2f5e87bad3c948f4d605d)
Start importing Assets/Art/Textures/Default/Red.mat using Guid(15bdddd0d4127184986afa4a3f4fdb54) Importer(2089858483,b0f066a214c2f5e87bad3c948f4d605d) (ScriptedImporter) -> (artifact id: '9a60619eb42d7a1030d340c550aac07a') in 0.0091859 seconds
Number of updated asset objects reloaded before import = 0Number of asset objects unloaded after import = 1

========================================================================
Received Import Request.
  Time since last request: 0.000012 seconds.
  path: Assets/Scenes/Game.unity
  artifactKey: Guid(93007267152e9f446be4880420d322ba) Importer(2089858483,b0f066a214c2f5e87bad3c948f4d605d)
Start importing Assets/Scenes/Game.unity using Guid(93007267152e9f446be4880420d322ba) Importer(2089858483,b0f066a214c2f5e87bad3c948f4d605d) (ScriptedImporter) -> (artifact id: 'd2bd78ba76c22374323a6d4cd53e42d7') in 0.0092312 seconds
Number of updated asset objects reloaded before import = 0Number of asset objects unloaded after import = 1

Editor requested this worker to shutdown with reason: Scaling down because of idle timeout
AssetImportWorker is now disconnected from the server
Process exiting
Exiting without the bug reporter. Application will terminate with return code 0